// Jest Snapshot v1, https://goo.gl/fbAQLP

exports[`Check if the component has changed 1`] = `
Array [
  <div
    className="nav-container"
    data-testid="navbar-page"
  >
    <h1>
      Math Magician
    </h1>
    <ul
      className="navbar"
    >
      <li
        data-testid="li"
      >
        <a
          href="/"
          onClick={[Function]}
        >
          Home
        </a>
      </li>
      <li
        data-testid="li"
      >
        <a
          href="/Calculator"
          onClick={[Function]}
        >
          Calculator
        </a>
      </li>
      <li
        data-testid="li"
      >
        <a
          href="/Quote"
          onClick={[Function]}
        >
          Quote
        </a>
      </li>
    </ul>
  </div>,
  <div
    className="home"
    data-testid="home-page"
  >
    <h1>
      Welcome to our page
    </h1>
    <p>
      Lorem ipsum dolor sit amet consectetur adipisicing elit. Maxime mollitia, molestiae quas vel sint commodi repudiandae consequuntur voluptatum laborum numquam blanditiis harum quisquam eius sed odit fugiat iusto fuga praesentium optio, eaque rerum! Provident similique accusantium nemo autem. Veritatis obcaecati tenetur iure eius earum ut molestias architecto voluptate aliquam nihil, eveniet aliquid culpa officia aut! Impedit sit sunt quaerat, odit, tenetur error, harum nesciunt ipsum debitis quas aliquid. Reprehenderit, quia. Quo neque error repudiandae fuga? Ipsa laudantium molestias eos sapiente officiis modi at sunt excepturi expedita sint? Sed quibusdam
    </p>
  </div>,
]
`;
