// Jest Snapshot v1, https://goo.gl/fbAQLP

exports[`Check if the component  1`] = `
<div
  className="calculator-container"
>
  <h2>
    Lets do some math
  </h2>
  <div
    className="calculator"
  >
    <div
      className="dark-gray"
      data-testid="display"
    />
    <button
      className="item   light-gray"
      onClick={[Function]}
      type="submit"
    >
      AC
    </button>
    <button
      className="item   light-gray"
      onClick={[Function]}
      type="submit"
    >
      +/-
    </button>
    <button
      className="item   light-gray"
      onClick={[Function]}
      type="submit"
    >
      %
    </button>
    <button
      className="item   orange"
      onClick={[Function]}
      type="submit"
    >
      รท
    </button>
    <button
      className="item   light-gray"
      onClick={[Function]}
      type="submit"
    >
      7
    </button>
    <button
      className="item   light-gray"
      onClick={[Function]}
      type="submit"
    >
      8
    </button>
    <button
      className="item   light-gray"
      onClick={[Function]}
      type="submit"
    >
      9
    </button>
    <button
      className="item   orange"
      onClick={[Function]}
      type="submit"
    >
      x
    </button>
    <button
      className="item   light-gray"
      onClick={[Function]}
      type="submit"
    >
      4
    </button>
    <button
      className="item   light-gray"
      onClick={[Function]}
      type="submit"
    >
      5
    </button>
    <button
      className="item   light-gray"
      onClick={[Function]}
      type="submit"
    >
      6
    </button>
    <button
      className="item   orange"
      onClick={[Function]}
      type="submit"
    >
      -
    </button>
    <button
      className="item   light-gray"
      onClick={[Function]}
      type="submit"
    >
      1
    </button>
    <button
      className="item   light-gray"
      onClick={[Function]}
      type="submit"
    >
      2
    </button>
    <button
      className="item   light-gray"
      onClick={[Function]}
      type="submit"
    >
      3
    </button>
    <button
      className="item   orange"
      onClick={[Function]}
      type="submit"
    >
      +
    </button>
    <button
      className="item   double light-gray"
      onClick={[Function]}
      type="submit"
    >
      0
    </button>
    <button
      className="item   light-gray"
      onClick={[Function]}
      type="submit"
    >
      .
    </button>
    <button
      className="item   orange"
      onClick={[Function]}
      type="submit"
    >
      =
    </button>
  </div>
</div>
`;

exports[`Check if the component has chan 1`] = `
<div
  className="calculator-container"
>
  <h2>
    Lets do some math
  </h2>
  <div
    className="calculator"
  >
    <div
      className="dark-gray"
      data-testid="display"
    />
    <button
      className="item   light-gray"
      onClick={[Function]}
      type="submit"
    >
      AC
    </button>
    <button
      className="item   light-gray"
      onClick={[Function]}
      type="submit"
    >
      +/-
    </button>
    <button
      className="item   light-gray"
      onClick={[Function]}
      type="submit"
    >
      %
    </button>
    <button
      className="item   orange"
      onClick={[Function]}
      type="submit"
    >
      รท
    </button>
    <button
      className="item   light-gray"
      onClick={[Function]}
      type="submit"
    >
      7
    </button>
    <button
      className="item   light-gray"
      onClick={[Function]}
      type="submit"
    >
      8
    </button>
    <button
      className="item   light-gray"
      onClick={[Function]}
      type="submit"
    >
      9
    </button>
    <button
      className="item   orange"
      onClick={[Function]}
      type="submit"
    >
      x
    </button>
    <button
      className="item   light-gray"
      onClick={[Function]}
      type="submit"
    >
      4
    </button>
    <button
      className="item   light-gray"
      onClick={[Function]}
      type="submit"
    >
      5
    </button>
    <button
      className="item   light-gray"
      onClick={[Function]}
      type="submit"
    >
      6
    </button>
    <button
      className="item   orange"
      onClick={[Function]}
      type="submit"
    >
      -
    </button>
    <button
      className="item   light-gray"
      onClick={[Function]}
      type="submit"
    >
      1
    </button>
    <button
      className="item   light-gray"
      onClick={[Function]}
      type="submit"
    >
      2
    </button>
    <button
      className="item   light-gray"
      onClick={[Function]}
      type="submit"
    >
      3
    </button>
    <button
      className="item   orange"
      onClick={[Function]}
      type="submit"
    >
      +
    </button>
    <button
      className="item   double light-gray"
      onClick={[Function]}
      type="submit"
    >
      0
    </button>
    <button
      className="item   light-gray"
      onClick={[Function]}
      type="submit"
    >
      .
    </button>
    <button
      className="item   orange"
      onClick={[Function]}
      type="submit"
    >
      =
    </button>
  </div>
</div>
`;

exports[`Check if the component has changed 1`] = `
<div
  className="calculator-container"
>
  <h2>
    Lets do some math
  </h2>
  <div
    className="calculator"
  >
    <div
      className="dark-gray"
      data-testid="display"
    />
    <button
      className="item   light-gray"
      onClick={[Function]}
      type="submit"
    >
      AC
    </button>
    <button
      className="item   light-gray"
      onClick={[Function]}
      type="submit"
    >
      +/-
    </button>
    <button
      className="item   light-gray"
      onClick={[Function]}
      type="submit"
    >
      %
    </button>
    <button
      className="item   orange"
      onClick={[Function]}
      type="submit"
    >
      รท
    </button>
    <button
      className="item   light-gray"
      onClick={[Function]}
      type="submit"
    >
      7
    </button>
    <button
      className="item   light-gray"
      onClick={[Function]}
      type="submit"
    >
      8
    </button>
    <button
      className="item   light-gray"
      onClick={[Function]}
      type="submit"
    >
      9
    </button>
    <button
      className="item   orange"
      onClick={[Function]}
      type="submit"
    >
      x
    </button>
    <button
      className="item   light-gray"
      onClick={[Function]}
      type="submit"
    >
      4
    </button>
    <button
      className="item   light-gray"
      onClick={[Function]}
      type="submit"
    >
      5
    </button>
    <button
      className="item   light-gray"
      onClick={[Function]}
      type="submit"
    >
      6
    </button>
    <button
      className="item   orange"
      onClick={[Function]}
      type="submit"
    >
      -
    </button>
    <button
      className="item   light-gray"
      onClick={[Function]}
      type="submit"
    >
      1
    </button>
    <button
      className="item   light-gray"
      onClick={[Function]}
      type="submit"
    >
      2
    </button>
    <button
      className="item   light-gray"
      onClick={[Function]}
      type="submit"
    >
      3
    </button>
    <button
      className="item   orange"
      onClick={[Function]}
      type="submit"
    >
      +
    </button>
    <button
      className="item   double light-gray"
      onClick={[Function]}
      type="submit"
    >
      0
    </button>
    <button
      className="item   light-gray"
      onClick={[Function]}
      type="submit"
    >
      .
    </button>
    <button
      className="item   orange"
      onClick={[Function]}
      type="submit"
    >
      =
    </button>
  </div>
</div>
`;

exports[`renders when there are no items 1`] = `
<div
  className="calculator-container"
>
  <h2>
    Lets do some math
  </h2>
  <div
    className="calculator"
  >
    <div
      className="dark-gray"
      data-testid="display"
    />
    <button
      className="item   light-gray"
      onClick={[Function]}
      type="submit"
    >
      AC
    </button>
    <button
      className="item   light-gray"
      onClick={[Function]}
      type="submit"
    >
      +/-
    </button>
    <button
      className="item   light-gray"
      onClick={[Function]}
      type="submit"
    >
      %
    </button>
    <button
      className="item   orange"
      onClick={[Function]}
      type="submit"
    >
      รท
    </button>
    <button
      className="item   light-gray"
      onClick={[Function]}
      type="submit"
    >
      7
    </button>
    <button
      className="item   light-gray"
      onClick={[Function]}
      type="submit"
    >
      8
    </button>
    <button
      className="item   light-gray"
      onClick={[Function]}
      type="submit"
    >
      9
    </button>
    <button
      className="item   orange"
      onClick={[Function]}
      type="submit"
    >
      x
    </button>
    <button
      className="item   light-gray"
      onClick={[Function]}
      type="submit"
    >
      4
    </button>
    <button
      className="item   light-gray"
      onClick={[Function]}
      type="submit"
    >
      5
    </button>
    <button
      className="item   light-gray"
      onClick={[Function]}
      type="submit"
    >
      6
    </button>
    <button
      className="item   orange"
      onClick={[Function]}
      type="submit"
    >
      -
    </button>
    <button
      className="item   light-gray"
      onClick={[Function]}
      type="submit"
    >
      1
    </button>
    <button
      className="item   light-gray"
      onClick={[Function]}
      type="submit"
    >
      2
    </button>
    <button
      className="item   light-gray"
      onClick={[Function]}
      type="submit"
    >
      3
    </button>
    <button
      className="item   orange"
      onClick={[Function]}
      type="submit"
    >
      +
    </button>
    <button
      className="item   double light-gray"
      onClick={[Function]}
      type="submit"
    >
      0
    </button>
    <button
      className="item   light-gray"
      onClick={[Function]}
      type="submit"
    >
      .
    </button>
    <button
      className="item   orange"
      onClick={[Function]}
      type="submit"
    >
      =
    </button>
  </div>
</div>
`;
