// Jest Snapshot v1, https://goo.gl/fbAQLP

exports[`Check if Item component has changed 1`] = `
<button
  className="item   light-gray"
  onClick={[Function]}
  type="submit"
>
  AC
</button>
`;
